C:\github-repo-clone\git_workflow_gitflow_pactice>git branch
* main

C:\github-repo-clone\git_workflow_gitflow_pactice>git checkout -b dev    
Switched to a new branch 'dev'

C:\github-repo-clone\git_workflow_gitflow_pactice>git branch
* dev
  main

C:\github-repo-clone\git_workflow_gitflow_pactice>git push or
igin dev 
Total 0 (delta 0), reused 0 (delta 0), pack-reused 0 (from 0)
remote: 
remote: Create a pull request for 'dev' on GitHub by visiting:
remote:      https://github.com/ChuVanHa167/git_workflow_gitflow_pactice/pull/new/dev
remote:
To https://github.com/ChuVanHa167/git_workflow_gitflow_pactice.git
 * [new branch]      dev -> dev

C:\github-repo-clone\git_workflow_gitflow_pactice>git branch
* dev
  main

C:\github-repo-clone\git_workflow_gitflow_pactice>git checkou
t -b feature/login
Switched to a new branch 'feature/login'

C:\github-repo-clone\git_workflow_gitflow_pactice>git branch
  dev
* feature/login
  main

C:\github-repo-clone\git_workflow_gitflow_pactice>touch login
.html
'touch' is not recognized as an internal or external command,
operable program or batch file.

C:\github-repo-clone\git_workflow_gitflow_pactice>git status
On branch feature/login
Untracked files:
  (use "git add <file>..." to include in what will be committed)
        login.html

nothing added to commit but untracked files present (use "git add" to track)

C:\github-repo-clone\git_workflow_gitflow_pactice>git diff

C:\github-repo-clone\git_workflow_gitflow_pactice>git add log
in.html

C:\github-repo-clone\git_workflow_gitflow_pactice>git status
On branch feature/login
Changes to be committed:
  (use "git restore --staged <file>..." to unstage)
        new file:   login.html


C:\github-repo-clone\git_workflow_gitflow_pactice>git diff

C:\github-repo-clone\git_workflow_gitflow_pactice>git commit 
-m "add login.html file"
[feature/login b25c2f8] add login.html file
 1 file changed, 2 insertions(+)
 create mode 100644 login.html

C:\github-repo-clone\git_workflow_gitflow_pactice>git pull   
There is no tracking information for the current branch.
Please specify which branch you want to merge with.
See git-pull(1) for details.

    git pull <remote> <branch>

If you wish to set tracking information for this branch you can do so with:

    git branch --set-upstream-to=origin/<branch> feature/login


C:\github-repo-clone\git_workflow_gitflow_pactice>git push or
igin feature/login
Enumerating objects: 4, done.
Counting objects: 100% (4/4), done.
Delta compression using up to 16 threads
Compressing objects: 100% (3/3), done.
Writing objects: 100% (3/3), 352 bytes | 352.00 KiB/s, done. 
Total 3 (delta 0), reused 0 (delta 0), pack-reused 0 (from 0)
remote: 
remote: Create a pull request for 'feature/login' on GitHub by visiting:
remote:      https://github.com/ChuVanHa167/git_workflow_gitflow_pactice/pull/new/feature/login
remote:
To https://github.com/ChuVanHa167/git_workflow_gitflow_pactice.git
 * [new branch]      feature/login -> feature/login

C:\github-repo-clone\git_workflow_gitflow_pactice>git checkou
t dev
Switched to branch 'dev'

C:\github-repo-clone\git_workflow_gitflow_pactice>git merge f
eature/login
Updating 6b637ab..b25c2f8
Fast-forward
 login.html | 2 ++
 1 file changed, 2 insertions(+)
 create mode 100644 login.html

C:\github-repo-clone\git_workflow_gitflow_pactice>git push 
fatal: The current branch dev has no upstream branch.
To push the current branch and set the remote as upstream, use

    git push --set-upstream origin dev

To have this happen automatically for branches without a tracking
upstream, see 'push.autoSetupRemote' in 'git help config'.   


C:\github-repo-clone\git_workflow_gitflow_pactice>git push or
igin dev
Total 0 (delta 0), reused 0 (delta 0), pack-reused 0 (from 0)
To https://github.com/ChuVanHa167/git_workflow_gitflow_pactice.git
   6b637ab..b25c2f8  dev -> dev

C:\github-repo-clone\git_workflow_gitflow_pactice>git branch 
-d feature/login
Deleted branch feature/login (was b25c2f8).

C:\github-repo-clone\git_workflow_gitflow_pactice>git branch
* dev
  main

C:\github-repo-clone\git_workflow_gitflow_pactice>git checkou
t -b release/v1.0.0
Switched to a new branch 'release/v1.0.0'

C:\github-repo-clone\git_workflow_gitflow_pactice>git branch
  dev
  main
* release/v1.0.0

C:\github-repo-clone\git_workflow_gitflow_pactice>git push or
igin release/v1.0.0
Total 0 (delta 0), reused 0 (delta 0), pack-reused 0 (from 0)
remote: 
remote: Create a pull request for 'release/v1.0.0' on GitHub by visiting:
remote:      https://github.com/ChuVanHa167/git_workflow_gitflow_pactice/pull/new/release/v1.0.0
remote:
To https://github.com/ChuVanHa167/git_workflow_gitflow_pactice.git
 * [new branch]      release/v1.0.0 -> release/v1.0.0        

C:\github-repo-clone\git_workflow_gitflow_pactice>git checkou
t main
Switched to branch 'main'
Your branch is up to date with 'origin/main'.

C:\github-repo-clone\git_workflow_gitflow_pactice>git branch 
  dev
* main
  release/v1.0.0

C:\github-repo-clone\git_workflow_gitflow_pactice>git merge r
elease/v1.0.0
Updating 6b637ab..b25c2f8
Fast-forward
 login.html | 2 ++
 1 file changed, 2 insertions(+)
 create mode 100644 login.html

C:\github-repo-clone\git_workflow_gitflow_pactice>git push or
igin main
Total 0 (delta 0), reused 0 (delta 0), pack-reused 0 (from 0)
To https://github.com/ChuVanHa167/git_workflow_gitflow_pactice.git
   6b637ab..b25c2f8  main -> main

C:\github-repo-clone\git_workflow_gitflow_pactice>git checkou
t dev
Switched to branch 'dev'

C:\github-repo-clone\git_workflow_gitflow_pactice>git branch 
* dev
  main
  release/v1.0.0

C:\github-repo-clone\git_workflow_gitflow_pactice>git merge r
elease/v1.0.0
Already up to date.

C:\github-repo-clone\git_workflow_gitflow_pactice>git push or
igin dev
Everything up-to-date

C:\github-repo-clone\git_workflow_gitflow_pactice>git checkou
t main
Switched to branch 'main'
Your branch is up to date with 'origin/main'.

C:\github-repo-clone\git_workflow_gitflow_pactice>git branch
  dev
* main
  release/v1.0.0

C:\github-repo-clone\git_workflow_gitflow_pactice>git checkou
t -b hotfix/v1.0.1
Switched to a new branch 'hotfix/v1.0.1'

C:\github-repo-clone\git_workflow_gitflow_pactice>git branch
  dev
* hotfix/v1.0.1
  main
  release/v1.0.0

C:\github-repo-clone\git_workflow_gitflow_pactice>git status
On branch hotfix/v1.0.1
Changes not staged for commit:
  (use "git add <file>..." to update what will be committed) 
  (use "git restore <file>..." to discard changes in working directory)
        modified:   login.html

no changes added to commit (use "git add" and/or "git commit -a")

C:\github-repo-clone\git_workflow_gitflow_pactice>git add log
in.html

C:\github-repo-clone\git_workflow_gitflow_pactice>git status
On branch hotfix/v1.0.1
Changes to be committed:
  (use "git restore --staged <file>..." to unstage)
        modified:   login.html


C:\github-repo-clone\git_workflow_gitflow_pactice>git commit 
-am "fix login bug"
[hotfix/v1.0.1 7a21415] fix login bug
 1 file changed, 2 insertions(+), 1 deletion(-)

C:\github-repo-clone\git_workflow_gitflow_pactice>git checkout main
Switched to branch 'main'
Your branch is up to date with 'origin/main'.

C:\github-repo-clone\git_workflow_gitflow_pactice>git merge hotfix/v1.0.1
Updating b25c2f8..7a21415
Fast-forward
 login.html | 3 ++-
 1 file changed, 2 insertions(+), 1 deletion(-)

C:\github-repo-clone\git_workflow_gitflow_pactice>git push or
igin main
Enumerating objects: 5, done.
Counting objects: 100% (5/5), done.
Delta compression using up to 16 threads
Compressing objects: 100% (3/3), done.
Writing objects: 100% (3/3), 362 bytes | 362.00 KiB/s, done. 
Total 3 (delta 0), reused 0 (delta 0), pack-reused 0 (from 0)
To https://github.com/ChuVanHa167/git_workflow_gitflow_pactice.git
   b25c2f8..7a21415  main -> main

C:\github-repo-clone\git_workflow_gitflow_pactice>git checkou
t dev
Switched to branch 'dev'

C:\github-repo-clone\git_workflow_gitflow_pactice>git merge g
otfix/v1.0.1
merge: gotfix/v1.0.1 - not something we can merge

C:\github-repo-clone\git_workflow_gitflow_pactice>git merge hotfix/v1.0.1
Updating b25c2f8..7a21415
Fast-forward
 login.html | 3 ++-
 1 file changed, 2 insertions(+), 1 deletion(-)

C:\github-repo-clone\git_workflow_gitflow_pactice>git push
fatal: The current branch dev has no upstream branch.
To push the current branch and set the remote as upstream, use

    git push --set-upstream origin dev

To have this happen automatically for branches without a tracking
upstream, see 'push.autoSetupRemote' in 'git help config'.   


C:\github-repo-clone\git_workflow_gitflow_pactice>git push or
igin dev
Total 0 (delta 0), reused 0 (delta 0), pack-reused 0 (from 0)
To https://github.com/ChuVanHa167/git_workflow_gitflow_pactice.git
   b25c2f8..7a21415  dev -> dev

C:\github-repo-clone\git_workflow_gitflow_pactice>git branch
* dev
  hotfix/v1.0.1
  main
  release/v1.0.0

C:\github-repo-clone\git_workflow_gitflow_pactice>